Ultralytics 8.4.101 🚀 Python-3.10.20 torch-2.1.2+cu121 CUDA:0 (NVIDIA GeForce RTX 4090, 24081MiB)
Setup complete ✅ (32 CPUs, 125.6 GB RAM, 222.7/1832.2 GB disk)

OS                     Linux-6.8.0-124-generic-x86_64-with-glibc2.35
Environment            Linux
Python                 3.10.20
Install                git
Path                   /data/data2/TuJiajun/A1-smoke/YOLO-Master/ultralytics
RAM                    125.58 GB
Disk                   222.7/1832.2 GB
CPU                    13th Gen Intel Core i9-13900K
CPU count              32
GPU                    NVIDIA GeForce RTX 4090, 24081MiB
GPU count              2
CUDA                   12.1

filelock               ✅ 3.29.0>=3.16.1
numpy                  ✅ 1.26.4>=1.23.0
matplotlib             ✅ 3.10.9>=3.3.0
opencv-python          ✅ 4.10.0.84!=4.13.0.90,>=4.6.0
pillow                 ✅ 12.2.0>=7.1.2
pyyaml                 ✅ 6.0.3>=5.3.1
requests               ✅ 2.28.1>=2.23.0
torch                  ✅ 2.1.2+cu121>=1.8.0
torch                  ✅ 2.1.2+cu121!=2.4.0,>=1.8.0; sys_platform == "win32"
torchvision            ✅ 0.16.2+cu121>=0.9.0
psutil                 ✅ 7.2.2>=5.8.0
polars                 ✅ 1.43.2>=0.20.0
nvidia-ml-py           ✅ 13.610.43>=12.0.0
ultralytics-thop       ✅ 2.1.6>=2.0.18
